I'm sorry, but errors were detected in your script. Please correct the
errors listed below, and try again.


File "game/chap3.rpy", line 64: expected statement.
(Perhaps you left out a " at the end of the first line.)
    nvl "So I wait. I pace, and I idle, and I think, think, think about the situation between
       ^
             frustrated attempts tod ig up some memory of what came before. Most of the time I just
             get a headache for all my trouble."

File "game/chap3.rpy", line 239: expected statement.
    carrAffection += 2
                   ^

Ren'Py Version: Ren'Py 6.99.3.404
